Introduction
Git is a fast distributed revision control system.

This manual is designed to be readable by someone with basic UNIX command-line skills, but no previous knowledge of Git.

Chapter 1, Repositories and Branches and Chapter 2, Exploring Git history explain how to fetch and study a project using git—​read these chapters to learn how to build and test a particular version of a software project, search for regressions, and so on.

People needing to do actual development will also want to read Chapter 3, Developing with Git and Chapter 4, Sharing development with others.

Further chapters cover more specialized topics.

Comprehensive reference documentation is available through the man pages, or git-help(1) command. For example, for the command git clone <repo>, you can either use:

$ man git-clone
or:

$ git help clone
With the latter, you can use the manual viewer of your choice; see git-help(1) for more information.

See also Appendix A, Git Quick Reference for a brief overview of Git commands, without any explanation.

Finally, see Appendix B, Notes and todo list for this manual for ways that you can help make this manual more complete.

Chapter 1. Repositories and Branches
Table of Contents

How to get a Git repository
How to check out a different version of a project
Understanding History: Commits
Understanding history: commits, parents, and reachability
Understanding history: History diagrams
Understanding history: What is a branch?
Manipulating branches
Examining an old version without creating a new branch
Examining branches from a remote repository
Naming branches, tags, and other references
Updating a repository with git fetch
Fetching branches from other repositories
How to get a Git repository
It will be useful to have a Git repository to experiment with as you read this manual.

The best way to get one is by using the git-clone(1) command to download a copy of an existing repository. If you don’t already have a project in mind, here are some interesting examples:

        # Git itself (approx. 40MB download):
$ git clone git://git.kernel.org/pub/scm/git/git.git
        # the Linux kernel (approx. 640MB download):
$ git clone git://git.kernel.org/pub/scm/linux/kernel/git/torvalds/linux.git
The initial clone may be time-consuming for a large project, but you will only need to clone once.

The clone command creates a new directory named after the project (git or linux in the examples above). After you cd into this directory, you will see that it contains a copy of the project files, called the working tree, together with a special top-level directory named .git, which contains all the information about the history of the project.

How to check out a different version of a project
Git is best thought of as a tool for storing the history of a collection of files. It stores the history as a compressed collection of interrelated snapshots of the project’s contents. In Git each such version is called a commit.

Those snapshots aren’t necessarily all arranged in a single line from oldest to newest; instead, work may simultaneously proceed along parallel lines of development, called branches, which may merge and diverge.

A single Git repository can track development on multiple branches. It does this by keeping a list of heads which reference the latest commit on each branch; the git-branch(1) command shows you the list of branch heads:

$ git branch
* master
A freshly cloned repository contains a single branch head, by default named "master", with the working directory initialized to the state of the project referred to by that branch head.

Most projects also use tags. Tags, like heads, are references into the project’s history, and can be listed using the git-tag(1) command:

$ git tag -l
v2.6.11
v2.6.11-tree
v2.6.12
v2.6.12-rc2
v2.6.12-rc3
v2.6.12-rc4
v2.6.12-rc5
v2.6.12-rc6
v2.6.13
...
Tags are expected to always point at the same version of a project, while heads are expected to advance as development progresses.

Create a new branch head pointing to one of these versions and check it out using git-switch(1):

$ git switch -c new v2.6.13
The working directory then reflects the contents that the project had when it was tagged v2.6.13, and git-branch(1) shows two branches, with an asterisk marking the currently checked-out branch:

$ git branch
  master
* new
If you decide that you’d rather see version 2.6.17, you can modify the current branch to point at v2.6.17 instead, with

$ git reset --hard v2.6.17
Note that if the current branch head was your only reference to a particular point in history, then resetting that branch may leave you with no way to find the history it used to point to; so use this command carefully.

Understanding History: Commits
Every change in the history of a project is represented by a commit. The git-show(1) command shows the most recent commit on the current branch:

$ git show
commit 17cf781661e6d38f737f15f53ab552f1e95960d7
Author: Linus Torvalds <torvalds@ppc970.osdl.org.(none)>
Date:   Tue Apr 19 14:11:06 2005 -0700

    Remove duplicate getenv(DB_ENVIRONMENT) call

    Noted by Tony Luck.

diff --git a/init-db.c b/init-db.c
index 65898fa..b002dc6 100644
--- a/init-db.c
+++ b/init-db.c
@@ -7,7 +7,7 @@

 int main(int argc, char **argv)
 {
-       char *sha1_dir = getenv(DB_ENVIRONMENT), *path;
+       char *sha1_dir, *path;
        int len, i;

        if (mkdir(".git", 0755) < 0) {
As you can see, a commit shows who made the latest change, what they did, and why.

Every commit has a 40-hexdigit id, sometimes called the "object name" or the "SHA-1 id", shown on the first line of the git show output. You can usually refer to a commit by a shorter name, such as a tag or a branch name, but this longer name can also be useful. Most importantly, it is a globally unique name for this commit: so if you tell somebody else the object name (for example in email), then you are guaranteed that name will refer to the same commit in their repository that it does in yours (assuming their repository has that commit at all). Since the object name is computed as a hash over the contents of the commit, you are guaranteed that the commit can never change without its name also changing.

In fact, in Chapter 7, Git concepts we shall see that everything stored in Git history, including file data and directory contents, is stored in an object with a name that is a hash of its contents.

Understanding history: commits, parents, and reachability
Every commit (except the very first commit in a project) also has a parent commit which shows what happened before this commit. Following the chain of parents will eventually take you back to the beginning of the project.

However, the commits do not form a simple list; Git allows lines of development to diverge and then reconverge, and the point where two lines of development reconverge is called a "merge". The commit representing a merge can therefore have more than one parent, with each parent representing the most recent commit on one of the lines of development leading to that point.

The best way to see how this works is using the gitk(1) command; running gitk now on a Git repository and looking for merge commits will help understand how Git organizes history.

In the following, we say that commit X is "reachable" from commit Y if commit X is an ancestor of commit Y. Equivalently, you could say that Y is a descendant of X, or that there is a chain of parents leading from commit Y to commit X.

Understanding history: History diagrams
We will sometimes represent Git history using diagrams like the one below. Commits are shown as "o", and the links between them with lines drawn with - / and \. Time goes left to right:

         o--o--o <-- Branch A
        /
 o--o--o <-- master
        \
         o--o--o <-- Branch B
If we need to talk about a particular commit, the character "o" may be replaced with another letter or number.

Understanding history: What is a branch?
When we need to be precise, we will use the word "branch" to mean a line of development, and "branch head" (or just "head") to mean a reference to the most recent commit on a branch. In the example above, the branch head named "A" is a pointer to one particular commit, but we refer to the line of three commits leading up to that point as all being part of "branch A".

However, when no confusion will result, we often just use the term "branch" both for branches and for branch heads.

Manipulating branches
Creating, deleting, and modifying branches is quick and easy; here’s a summary of the commands:

git branch
list all branches.
git branch <branch>
create a new branch named <branch>, referencing the same point in history as the current branch.
git branch <branch> <start-point>
create a new branch named <branch>, referencing <start-point>, which may be specified any way you like, including using a branch name or a tag name.
git branch -d <branch>
delete the branch <branch>; if the branch is not fully merged in its upstream branch or contained in the current branch, this command will fail with a warning.
git branch -D <branch>
delete the branch <branch> irrespective of its merged status.
git switch <branch>
make the current branch <branch>, updating the working directory to reflect the version referenced by <branch>.
git switch -c <new> <start-point>
create a new branch <new> referencing <start-point>, and check it out.
The special symbol "HEAD" can always be used to refer to the current branch. In fact, Git uses a file named HEAD in the .git directory to remember which branch is current:

$ cat .git/HEAD
ref: refs/heads/master
Examining an old version without creating a new branch
The git switch command normally expects a branch head, but will also accept an arbitrary commit when invoked with --detach; for example, you can check out the commit referenced by a tag:

$ git switch --detach v2.6.17
Note: checking out 'v2.6.17'.

You are in 'detached HEAD' state. You can look around, make experimental
changes and commit them, and you can discard any commits you make in this
state without impacting any branches by performing another switch.

If you want to create a new branch to retain commits you create, you may
do so (now or later) by using -c with the switch command again. Example:

  git switch -c new_branch_name

HEAD is now at 427abfa Linux v2.6.17
The HEAD then refers to the SHA-1 of the commit instead of to a branch, and git branch shows that you are no longer on a branch:

$ cat .git/HEAD
427abfa28afedffadfca9dd8b067eb6d36bac53f
$ git branch
* (detached from v2.6.17)
  master
In this case we say that the HEAD is "detached".

This is an easy way to check out a particular version without having to make up a name for the new branch. You can still create a new branch (or tag) for this version later if you decide to.

Examining branches from a remote repository
The "master" branch that was created at the time you cloned is a copy of the HEAD in the repository that you cloned from. That repository may also have had other branches, though, and your local repository keeps branches which track each of those remote branches, called remote-tracking branches, which you can view using the -r option to git-branch(1):

$ git branch -r
  origin/HEAD
  origin/html
  origin/maint
  origin/man
  origin/master
  origin/next
  origin/seen
  origin/todo
In this example, "origin" is called a remote repository, or "remote" for short. The branches of this repository are called "remote branches" from our point of view. The remote-tracking branches listed above were created based on the remote branches at clone time and will be updated by git fetch (hence git pull) and git push. See the section called “Updating a repository with git fetch” for details.

You might want to build on one of these remote-tracking branches on a branch of your own, just as you would for a tag:

$ git switch -c my-todo-copy origin/todo
You can also check out origin/todo directly to examine it or write a one-off patch. See detached head.

Note that the name "origin" is just the name that Git uses by default to refer to the repository that you cloned from.

Naming branches, tags, and other references
Branches, remote-tracking branches, and tags are all references to commits. All references are named with a slash-separated path name starting with refs; the names we’ve been using so far are actually shorthand:

The branch test is short for refs/heads/test.
The tag v2.6.18 is short for refs/tags/v2.6.18.
origin/master is short for refs/remotes/origin/master.
The full name is occasionally useful if, for example, there ever exists a tag and a branch with the same name.

(Newly created refs are actually stored in the .git/refs directory, under the path given by their name. However, for efficiency reasons they may also be packed together in a single file; see git-pack-refs(1)).

As another useful shortcut, the "HEAD" of a repository can be referred to just using the name of that repository. So, for example, "origin" is usually a shortcut for the HEAD branch in the repository "origin".

For the complete list of paths which Git checks for references, and the order it uses to decide which to choose when there are multiple references with the same shorthand name, see the "SPECIFYING REVISIONS" section of gitrevisions(7).

Updating a repository with git fetch
After you clone a repository and commit a few changes of your own, you may wish to check the original repository for updates.

The git-fetch command, with no arguments, will update all of the remote-tracking branches to the latest version found in the original repository. It will not touch any of your own branches—​not even the "master" branch that was created for you on clone.

Fetching branches from other repositories
You can also track branches from repositories other than the one you cloned from, using git-remote(1):

$ git remote add staging git://git.kernel.org/.../gregkh/staging.git
$ git fetch staging
...
From git://git.kernel.org/pub/scm/linux/kernel/git/gregkh/staging
 * [new branch]      master     -> staging/master
 * [new branch]      staging-linus -> staging/staging-linus
 * [new branch]      staging-next -> staging/staging-next
New remote-tracking branches will be stored under the shorthand name that you gave git remote add, in this case staging:

$ git branch -r
  origin/HEAD -> origin/master
  origin/master
  staging/master
  staging/staging-linus
  staging/staging-next
If you run git fetch <remote> later, the remote-tracking branches for the named <remote> will be updated.

If you examine the file .git/config, you will see that Git has added a new stanza:

$ cat .git/config
...
[remote "staging"]
        url = git://git.kernel.org/pub/scm/linux/kernel/git/gregkh/staging.git
        fetch = +refs/heads/*:refs/remotes/staging/*
...
This is what causes Git to track the remote’s branches; you may modify or delete these configuration options by editing .git/config with a text editor. (See the "CONFIGURATION FILE" section of git-config(1) for details.)

Chapter 2. Exploring Git history
Table of Contents

How to use bisect to find a regression
Naming commits
Creating tags
Browsing revisions
Generating diffs
Viewing old file versions
Examples
Counting the number of commits on a branch
Check whether two branches point at the same history
Find first tagged version including a given fix
Showing commits unique to a given branch
Creating a changelog and tarball for a software release
Finding commits referencing a file with given content
Git is best thought of as a tool for storing the history of a collection of files. It does this by storing compressed snapshots of the contents of a file hierarchy, together with "commits" which show the relationships between these snapshots.

Git provides extremely flexible and fast tools for exploring the history of a project.

We start with one specialized tool that is useful for finding the commit that introduced a bug into a project.

How to use bisect to find a regression
Suppose version 2.6.18 of your project worked, but the version at "master" crashes. Sometimes the best way to find the cause of such a regression is to perform a brute-force search through the project’s history to find the particular commit that caused the problem. The git-bisect(1) command can help you do this:

$ git bisect start
$ git bisect good v2.6.18
$ git bisect bad master
Bisecting: 3537 revisions left to test after this
[65934a9a028b88e83e2b0f8b36618fe503349f8e] BLOCK: Make USB storage depend on SCSI rather than selecting it [try #6]
If you run git branch at this point, you’ll see that Git has temporarily moved you in "(no branch)". HEAD is now detached from any branch and points directly to a commit (with commit id 65934) that is reachable from "master" but not from v2.6.18. Compile and test it, and see whether it crashes. Assume it does crash. Then:

$ git bisect bad
Bisecting: 1769 revisions left to test after this
[7eff82c8b1511017ae605f0c99ac275a7e21b867] i2c-core: Drop useless bitmaskings
checks out an older version. Continue like this, telling Git at each stage whether the version it gives you is good or bad, and notice that the number of revisions left to test is cut approximately in half each time.

After about 13 tests (in this case), it will output the commit id of the guilty commit. You can then examine the commit with git-show(1), find out who wrote it, and mail them your bug report with the commit id. Finally, run

$ git bisect reset
to return you to the branch you were on before.

Note that the version which git bisect checks out for you at each point is just a suggestion, and you’re free to try a different version if you think it would be a good idea. For example, occasionally you may land on a commit that broke something unrelated; run

$ git bisect visualize
which will run gitk and label the commit it chose with a marker that says "bisect". Choose a safe-looking commit nearby, note its commit id, and check it out with:

$ git reset --hard fb47ddb2db
then test, run bisect good or bisect bad as appropriate, and continue.

Instead of git bisect visualize and then git reset --hard fb47ddb2db, you might just want to tell Git that you want to skip the current commit:

$ git bisect skip
In this case, though, Git may not eventually be able to tell the first bad one between some first skipped commits and a later bad commit.

There are also ways to automate the bisecting process if you have a test script that can tell a good from a bad commit. See git-bisect(1) for more information about this and other git bisect features.

Naming commits
We have seen several ways of naming commits already:

40-hexdigit object name
branch name: refers to the commit at the head of the given branch
tag name: refers to the commit pointed to by the given tag (we’ve seen branches and tags are special cases of references).
HEAD: refers to the head of the current branch
There are many more; see the "SPECIFYING REVISIONS" section of the gitrevisions(7) man page for the complete list of ways to name revisions. Some examples:

$ git show fb47ddb2 # the first few characters of the object name
                    # are usually enough to specify it uniquely
$ git show HEAD^    # the parent of the HEAD commit
$ git show HEAD^^   # the grandparent
$ git show HEAD~4   # the great-great-grandparent
Recall that merge commits may have more than one parent; by default, ^ and ~ follow the first parent listed in the commit, but you can also choose:

$ git show HEAD^1   # show the first parent of HEAD
$ git show HEAD^2   # show the second parent of HEAD
In addition to HEAD, there are several other special names for commits:

Merges (to be discussed later), as well as operations such as git reset, which change the currently checked-out commit, generally set ORIG_HEAD to the value HEAD had before the current operation.

The git fetch operation always stores the head of the last fetched branch in FETCH_HEAD. For example, if you run git fetch without specifying a local branch as the target of the operation

$ git fetch git://example.com/proj.git theirbranch
the fetched commits will still be available from FETCH_HEAD.

When we discuss merges we’ll also see the special name MERGE_HEAD, which refers to the other branch that we’re merging in to the current branch.

The git-rev-parse(1) command is a low-level command that is occasionally useful for translating some name for a commit to the object name for that commit:

$ git rev-parse origin
e05db0fd4f31dde7005f075a84f96b360d05984b
Creating tags
We can also create a tag to refer to a particular commit; after running

$ git tag stable-1 1b2e1d63ff
You can use stable-1 to refer to the commit 1b2e1d63ff.

This creates a "lightweight" tag. If you would also like to include a comment with the tag, and possibly sign it cryptographically, then you should create a tag object instead; see the git-tag(1) man page for details.

Browsing revisions
The git-log(1) command can show lists of commits. On its own, it shows all commits reachable from the parent commit; but you can also make more specific requests:

$ git log v2.5..        # commits since (not reachable from) v2.5
$ git log test..master  # commits reachable from master but not test
$ git log master..test  # ...reachable from test but not master
$ git log master...test # ...reachable from either test or master,
                        #    but not both
$ git log --since="2 weeks ago" # commits from the last 2 weeks
$ git log Makefile      # commits which modify Makefile
$ git log fs/           # ... which modify any file under fs/
$ git log -S'foo()'     # commits which add or remove any file data
                        # matching the string 'foo()'
And of course you can combine all of these; the following finds commits since v2.5 which touch the Makefile or any file under fs:

$ git log v2.5.. Makefile fs/
You can also ask git log to show patches:

$ git log -p
See the --pretty option in the git-log(1) man page for more display options.

Note that git log starts with the most recent commit and works backwards through the parents; however, since Git history can contain multiple independent lines of development, the particular order that commits are listed in may be somewhat arbitrary.

Generating diffs
You can generate diffs between any two versions using git-diff(1):

$ git diff master..test
That will produce the diff between the tips of the two branches. If you’d prefer to find the diff from their common ancestor to test, you can use three dots instead of two:

$ git diff master...test
Sometimes what you want instead is a set of patches; for this you can use git-format-patch(1):

$ git format-patch master..test
will generate a file with a patch for each commit reachable from test but not from master.

Viewing old file versions
You can always view an old version of a file by just checking out the correct revision first. But sometimes it is more convenient to be able to view an old version of a single file without checking anything out; this command does that:

$ git show v2.5:fs/locks.c
Before the colon may be anything that names a commit, and after it may be any path to a file tracked by Git.

Examples
Counting the number of commits on a branch
Suppose you want to know how many commits you’ve made on mybranch since it diverged from origin:

$ git log --pretty=oneline origin..mybranch | wc -l
Alternatively, you may often see this sort of thing done with the lower-level command git-rev-list(1), which just lists the SHA-1’s of all the given commits:

$ git rev-list origin..mybranch | wc -l
Check whether two branches point at the same history
Suppose you want to check whether two branches point at the same point in history.

$ git diff origin..master
will tell you whether the contents of the project are the same at the two branches; in theory, however, it’s possible that the same project contents could have been arrived at by two different historical routes. You could compare the object names:

$ git rev-list origin
e05db0fd4f31dde7005f075a84f96b360d05984b
$ git rev-list master
e05db0fd4f31dde7005f075a84f96b360d05984b
Or you could recall that the ... operator selects all commits reachable from either one reference or the other but not both; so

$ git log origin...master
will return no commits when the two branches are equal.

Find first tagged version including a given fix
Suppose you know that the commit e05db0fd fixed a certain problem. You’d like to find the earliest tagged release that contains that fix.

Of course, there may be more than one answer—​if the history branched after commit e05db0fd, then there could be multiple "earliest" tagged releases.

You could just visually inspect the commits since e05db0fd:

$ gitk e05db0fd..
or you can use git-name-rev(1), which will give the commit a name based on any tag it finds pointing to one of the commit’s descendants:

$ git name-rev --tags e05db0fd
e05db0fd tags/v1.5.0-rc1^0~23
The git-describe(1) command does the opposite, naming the revision using a tag on which the given commit is based:

$ git describe e05db0fd
v1.5.0-rc0-260-ge05db0f
but that may sometimes help you guess which tags might come after the given commit.

If you just want to verify whether a given tagged version contains a given commit, you could use git-merge-base(1):

$ git merge-base e05db0fd v1.5.0-rc1
e05db0fd4f31dde7005f075a84f96b360d05984b
The merge-base command finds a common ancestor of the given commits, and always returns one or the other in the case where one is a descendant of the other; so the above output shows that e05db0fd actually is an ancestor of v1.5.0-rc1.

Alternatively, note that

$ git log v1.5.0-rc1..e05db0fd
will produce empty output if and only if v1.5.0-rc1 includes e05db0fd, because it outputs only commits that are not reachable from v1.5.0-rc1.

As yet another alternative, the git-show-branch(1) command lists the commits reachable from its arguments with a display on the left-hand side that indicates which arguments that commit is reachable from. So, if you run something like

$ git show-branch e05db0fd v1.5.0-rc0 v1.5.0-rc1 v1.5.0-rc2
! [e05db0fd] Fix warnings in sha1_file.c - use C99 printf format if
available
 ! [v1.5.0-rc0] GIT v1.5.0 preview
  ! [v1.5.0-rc1] GIT v1.5.0-rc1
   ! [v1.5.0-rc2] GIT v1.5.0-rc2
...
then a line like

+ ++ [e05db0fd] Fix warnings in sha1_file.c - use C99 printf format if
available
shows that e05db0fd is reachable from itself, from v1.5.0-rc1, and from v1.5.0-rc2, and not from v1.5.0-rc0.
